// Jest Snapshot v1, https://goo.gl/fbAQLP

exports[`parseAST returns a parsed AST if a correct expression string is passed: parsed AST 1`] = `
Node {
  "end": 5,
  "left": Node {
    "end": 1,
    "extra": Object {
      "raw": "1",
      "rawValue": 1,
    },
    "loc": SourceLocation {
      "end": Position {
        "column": 1,
        "index": 1,
        "line": 1,
      },
      "filename": undefined,
      "identifierName": undefined,
      "start": Position {
        "column": 0,
        "index": 0,
        "line": 1,
      },
    },
    "start": 0,
    "type": "NumericLiteral",
    "value": 1,
  },
  "loc": SourceLocation {
    "end": Position {
      "column": 5,
      "index": 5,
      "line": 1,
    },
    "filename": undefined,
    "identifierName": undefined,
    "start": Position {
      "column": 0,
      "index": 0,
      "line": 1,
    },
  },
  "operator": "+",
  "right": Node {
    "end": 5,
    "extra": Object {
      "raw": "2",
      "rawValue": 2,
    },
    "loc": SourceLocation {
      "end": Position {
        "column": 5,
        "index": 5,
        "line": 1,
      },
      "filename": undefined,
      "identifierName": undefined,
      "start": Position {
        "column": 4,
        "index": 4,
        "line": 1,
      },
    },
    "start": 4,
    "type": "NumericLiteral",
    "value": 2,
  },
  "start": 0,
  "type": "BinaryExpression",
}
`;
